mctrace 1
profile 1
precision f32
tick 1 time 41800000 dt 00000000
port display set-pixel 00000000 00000000 41300000
action 401 site 0 args 3 number 00000000 number 00000000 number 41300000 result void
port display set-pixel 00000000 00000000 437f0000
action 401 site 0 args 3 number 00000000 number 00000000 nil result void
port display set-pixel 00000000 00000000 41b00000
action 401 site 0 args 3 number 00000000 number 00000000 number 41b00000 result void
port display set-pixel 00000000 00000000 437f0000
action 401 site 0 args 3 number 00000000 number 00000000 nil result void
port display set-pixel 00000000 00000000 42040000
action 401 site 0 args 3 number 00000000 number 00000000 number 42040000 result void
port display set-pixel 00000000 00000000 42300000
action 401 site 0 args 3 number 00000000 number 00000000 number 42300000 result void
port display set-pixel 00000000 00000000 41b00000
action 401 site 0 args 3 number 00000000 number 00000000 number 41b00000 result void
port display set-pixel 00000000 00000000 437f0000
action 401 site 0 args 3 number 00000000 number 00000000 nil result void
tick 2 time 42000000 dt 41800000
port display set-pixel 00000000 00000000 41300000
action 401 site 0 args 3 number 00000000 number 00000000 number 41300000 result void
port display set-pixel 00000000 00000000 437f0000
action 401 site 0 args 3 number 00000000 number 00000000 nil result void
port display set-pixel 00000000 00000000 41b00000
action 401 site 0 args 3 number 00000000 number 00000000 number 41b00000 result void
port display set-pixel 00000000 00000000 437f0000
action 401 site 0 args 3 number 00000000 number 00000000 nil result void
port display set-pixel 00000000 00000000 42040000
action 401 site 0 args 3 number 00000000 number 00000000 number 42040000 result void
port display set-pixel 00000000 00000000 42300000
action 401 site 0 args 3 number 00000000 number 00000000 number 42300000 result void
port display set-pixel 00000000 00000000 41b00000
action 401 site 0 args 3 number 00000000 number 00000000 number 41b00000 result void
port display set-pixel 00000000 00000000 437f0000
action 401 site 0 args 3 number 00000000 number 00000000 nil result void
tick 3 time 42400000 dt 41800000
port display set-pixel 00000000 00000000 41300000
action 401 site 0 args 3 number 00000000 number 00000000 number 41300000 result void
port display set-pixel 00000000 00000000 437f0000
action 401 site 0 args 3 number 00000000 number 00000000 nil result void
port display set-pixel 00000000 00000000 41b00000
action 401 site 0 args 3 number 00000000 number 00000000 number 41b00000 result void
port display set-pixel 00000000 00000000 437f0000
action 401 site 0 args 3 number 00000000 number 00000000 nil result void
port display set-pixel 00000000 00000000 42040000
action 401 site 0 args 3 number 00000000 number 00000000 number 42040000 result void
port display set-pixel 00000000 00000000 42300000
action 401 site 0 args 3 number 00000000 number 00000000 number 42300000 result void
port display set-pixel 00000000 00000000 41b00000
action 401 site 0 args 3 number 00000000 number 00000000 number 41b00000 result void
port display set-pixel 00000000 00000000 437f0000
action 401 site 0 args 3 number 00000000 number 00000000 nil result void
