mctrace 1
profile 1
precision f32
tick 1 time 41800000 dt 00000000
port display set-pixel 00000000 00000000 3f800000
action 401 site 1 args 3 number 00000000 number 00000000 number 3f800000 result void
port display set-pixel 3f800000 00000000 3f800000
action 401 site 2 args 3 number 3f800000 number 00000000 number 3f800000 result void
tick 2 time 42000000 dt 41800000
tick 3 time 42400000 dt 41800000
port display set-pixel 3f800000 3f800000 3f800000
action 401 site 4 args 3 number 3f800000 number 3f800000 number 3f800000 result void
tick 4 time 42800000 dt 41800000
port display set-pixel 00000000 00000000 3f800000
action 401 site 1 args 3 number 00000000 number 00000000 number 3f800000 result void
port display set-pixel 3f800000 00000000 3f800000
action 401 site 2 args 3 number 3f800000 number 00000000 number 3f800000 result void
tick 5 time 42a00000 dt 41800000
tick 6 time 42c00000 dt 41800000
port display set-pixel 3f800000 3f800000 3f800000
action 401 site 4 args 3 number 3f800000 number 3f800000 number 3f800000 result void
tick 7 time 42e00000 dt 41800000
port display set-pixel 00000000 00000000 3f800000
action 401 site 1 args 3 number 00000000 number 00000000 number 3f800000 result void
port display set-pixel 3f800000 00000000 3f800000
action 401 site 2 args 3 number 3f800000 number 00000000 number 3f800000 result void
tick 8 time 43000000 dt 41800000
