mctrace 1
profile 1
precision f32
tick 1 time 41800000 dt 00000000
port display set-pixel 3f800000 00000000 3f800000
action 401 site a args 3 number 3f800000 number 00000000 number 3f800000 result void
tile 0 site b args 0 async
port display set-pixel 40000000 00000000 3f800000
action 401 site 14 args 3 number 40000000 number 00000000 number 3f800000 result void
tile 1 site 15 args 0 async
tick 2 time 42000000 dt 41800000
tick 3 time 42400000 dt 41800000
port display set-pixel 3f800000 3f800000 40000000
action 401 site c args 3 number 3f800000 number 3f800000 number 40000000 result void
port display set-pixel 40000000 3f800000 40000000
action 401 site 16 args 3 number 40000000 number 3f800000 number 40000000 result void
tick 4 time 42800000 dt 41800000
port display set-pixel 3f800000 00000000 3f800000
action 401 site a args 3 number 3f800000 number 00000000 number 3f800000 result void
tile 0 site b args 0 async
port display set-pixel 40000000 00000000 3f800000
action 401 site 14 args 3 number 40000000 number 00000000 number 3f800000 result void
tile 1 site 15 args 0 async
tick 5 time 42a00000 dt 41800000
tick 6 time 42c00000 dt 41800000
port display set-pixel 3f800000 3f800000 40000000
action 401 site c args 3 number 3f800000 number 3f800000 number 40000000 result void
port display set-pixel 40000000 3f800000 40000000
action 401 site 16 args 3 number 40000000 number 3f800000 number 40000000 result void
