mctrace 1
profile 1
precision f32
tick 1 time 41800000 dt 00000000
port display set-pixel 40400000 40800000 437f0000
action 401 site 0 args 3 number 40400000 number 40800000 bool 1 result void
port display set-pixel 40400000 41100000 437f0000
action 401 site 0 args 3 number 40400000 number 41100000 bool 0 result void
port display set-pixel 41100000 40a00000 437f0000
action 401 site 0 args 3 number 41100000 number 40a00000 number 437f0000 result void
port display set-pixel 00000000 40a00000 437f0000
action 401 site 0 args 3 nil number 40a00000 number 437f0000 result void
port display set-pixel 00000000 40a00000 437f0000
action 401 site 0 args 3 nil number 40a00000 number 437f0000 result void
port display set-pixel 42280000 40400000 437f0000
action 401 site 0 args 3 number 42280000 number 40400000 number 437f0000 result void
port display set-pixel 40e00000 40800000 437f0000
action 401 site 0 args 3 number 40e00000 number 40800000 number 437f0000 result void
port display set-pixel 40e00000 40a00000 437f0000
action 401 site 0 args 3 number 40e00000 number 40a00000 number 437f0000 result void
port display set-pixel 00000000 40a00000 437f0000
action 401 site 0 args 3 nil number 40a00000 number 437f0000 result void
tick 2 time 42000000 dt 41800000
port display set-pixel 40400000 40800000 437f0000
action 401 site 0 args 3 number 40400000 number 40800000 bool 1 result void
port display set-pixel 40400000 41100000 437f0000
action 401 site 0 args 3 number 40400000 number 41100000 bool 0 result void
port display set-pixel 41100000 40a00000 437f0000
action 401 site 0 args 3 number 41100000 number 40a00000 number 437f0000 result void
port display set-pixel 00000000 40a00000 437f0000
action 401 site 0 args 3 nil number 40a00000 number 437f0000 result void
port display set-pixel 00000000 40a00000 437f0000
action 401 site 0 args 3 nil number 40a00000 number 437f0000 result void
port display set-pixel 42280000 40400000 437f0000
action 401 site 0 args 3 number 42280000 number 40400000 number 437f0000 result void
port display set-pixel 40e00000 40800000 437f0000
action 401 site 0 args 3 number 40e00000 number 40800000 number 437f0000 result void
port display set-pixel 40e00000 40a00000 437f0000
action 401 site 0 args 3 number 40e00000 number 40a00000 number 437f0000 result void
port display set-pixel 00000000 40a00000 437f0000
action 401 site 0 args 3 nil number 40a00000 number 437f0000 result void
tick 3 time 42400000 dt 41800000
port display set-pixel 40400000 40800000 437f0000
action 401 site 0 args 3 number 40400000 number 40800000 bool 1 result void
port display set-pixel 40400000 41100000 437f0000
action 401 site 0 args 3 number 40400000 number 41100000 bool 0 result void
port display set-pixel 41100000 40a00000 437f0000
action 401 site 0 args 3 number 41100000 number 40a00000 number 437f0000 result void
port display set-pixel 00000000 40a00000 437f0000
action 401 site 0 args 3 nil number 40a00000 number 437f0000 result void
port display set-pixel 00000000 40a00000 437f0000
action 401 site 0 args 3 nil number 40a00000 number 437f0000 result void
port display set-pixel 42280000 40400000 437f0000
action 401 site 0 args 3 number 42280000 number 40400000 number 437f0000 result void
port display set-pixel 40e00000 40800000 437f0000
action 401 site 0 args 3 number 40e00000 number 40800000 number 437f0000 result void
port display set-pixel 40e00000 40a00000 437f0000
action 401 site 0 args 3 number 40e00000 number 40a00000 number 437f0000 result void
port display set-pixel 00000000 40a00000 437f0000
action 401 site 0 args 3 nil number 40a00000 number 437f0000 result void
