mctrace 1
profile 1
precision f32
tick 1 time 44160000 dt 00000000
action 5 site 0 args 1 nil result bool 0
tick 2 time 44960000 dt 44160000
action 5 site 0 args 1 nil result bool 0
tick 3 time 44e10000 dt 44160000
action 5 site 0 args 1 nil result bool 1
action 0 site 1 args 2 nil string "NJHdAI6uWr46AAvb" result void
tick 4 time 45160000 dt 44160000
action 5 site 2 args 1 nil result bool 0
tick 5 time 453b8000 dt 44160000
action 5 site 2 args 1 nil result bool 0
tick 6 time 45610000 dt 44160000
action 5 site 2 args 1 nil result bool 1
action 0 site 3 args 2 nil string "X5ab9XCyP7TEzj3U" result void
tick 7 time 45834000 dt 44160000
action 5 site 0 args 1 nil result bool 0
tick 8 time 45960000 dt 44160000
action 5 site 0 args 1 nil result bool 0
tick 9 time 45a8c000 dt 44160000
action 5 site 0 args 1 nil result bool 1
action 0 site 1 args 2 nil string "NJHdAI6uWr46AAvb" result void
tick a time 45bb8000 dt 44160000
action 5 site 2 args 1 nil result bool 0
